{
  "domain" : {
    "chainId" : 80001,
    "name" : "Lens Protocol Profile",
    "verifyingContract" : "0x23C1ce2b0865406955Da08F1D31c13fcc3f72A3a",
    "version" : "1"
  },
  "message" : {
    "data" : "0x",
    "deadline" : 1645702499,
    "nonce" : 0,
    "profileId" : "0x1d",
    "pubId" : "0x01"
  },
  "primaryType" : "CollectWithSig",
  "types" : {
    "CollectWithSig" : [
      {
        "name" : "profileId",
        "type" : "uint256"
      },
      {
        "name" : "pubId",
        "type" : "uint256"
      },
      {
        "name" : "data",
        "type" : "bytes"
      },
      {
        "name" : "nonce",
        "type" : "uint256"
      },
      {
        "name" : "deadline",
        "type" : "uint256"
      }
    ],
    "EIP712Domain" : [
      {
        "name" : "name",
        "type" : "string"
      },
      {
        "name" : "version",
        "type" : "string"
      },
      {
        "name" : "chainId",
        "type" : "uint256"
      },
      {
        "name" : "verifyingContract",
        "type" : "address"
      }
    ]
  }
}